9450
11088
9480
20244
8098
7235
9304
20166
9257
8146
7623
10647
7162
9194
28175
14757
14140
9367
12951
14283
22651
10892
8148
9324
8746
7848
15389
18992
8347
8150
9480
20244
8098
11314
12105
13216
9430
13368
48730
30528
35315
9025
9080
10300
9017
6963
16372
10063
382
16095
26347
9179
17196
9194
12115
11088
11992
7489
11594
9179
12479
14632
20771
9450
26347
10829
13489
17450
9199
9861
8702
15910
7530
22137
7399
10943
9018
18554
30175
10228
11865
19534
15820
9689
9027
13825
4267
15558
9849
45858
387
39735
11389
14140
13165
10657
8711
9701
26973
13525
8704
8652
9563
11768
14472